// Jest Snapshot v1, https://goo.gl/fbAQLP

exports[`labelsReducers Handles loadLabels action 1`] = `
Object {
  "labels": undefined,
}
`;
