// Jest Snapshot v1, https://goo.gl/fbAQLP

exports[`Page renders Page 1`] = `null`;
