// Jest Snapshot v1, https://goo.gl/fbAQLP

exports[`UserContainer renders correctly with info 1`] = `<p />`;
