// Jest Snapshot v1, https://goo.gl/fbAQLP

exports[`Image holder with src & classname attributes renders correctly with props 1`] = `
<Router
  history={
    Object {
      "action": "POP",
      "block": [Function],
      "canGo": [Function],
      "createHref": [Function],
      "entries": Array [
        Object {
          "hash": "",
          "pathname": "/",
          "search": "",
          "state": undefined,
        },
      ],
      "go": [Function],
      "goBack": [Function],
      "goForward": [Function],
      "index": 0,
      "length": 1,
      "listen": [Function],
      "location": Object {
        "hash": "",
        "pathname": "/",
        "search": "",
        "state": undefined,
      },
      "push": [Function],
      "replace": [Function],
    }
  }
>
  <Image
    alt="sample alt"
    src="/assets/icons/icon-180.png"
  />
  <Image
    src="s3://assets/icons/icon-180.png"
  />
</Router>
`;
