// Jest Snapshot v1, https://goo.gl/fbAQLP

exports[`People renders a People page for Department 1`] = `null`;

exports[`People renders a People page for labels 1`] = `null`;
